[0m22:28:05.303230 [debug] [MainThread]: Sending event: {'category': 'dbt', 'action': 'invocation', 'label': 'start', 'context': [<snowplow_tracker.self_describing_json.SelfDescribingJson object at 0x000001D909312270>, <snowplow_tracker.self_describing_json.SelfDescribingJson object at 0x000001D906D5E600>, <snowplow_tracker.self_describing_json.SelfDescribingJson object at 0x000001D906D5D310>]}


============================== 22:28:05.315822 | e149ab83-bbf1-4961-8343-3ff045fc034c ==============================
[0m22:28:05.315822 [info ] [MainThread]: Running with dbt=1.12.3
[0m22:28:05.316820 [debug] [MainThread]: running dbt with arguments {'version_check': 'True', 'no_print': 'None', 'static_parser': 'True', 'warn_error_options': 'WarnErrorOptionsV2(error=[], warn=[], silence=[])', 'target_path': 'None', 'maximum_seed_size_mib': '1', 'printer_width': '80', 'write_json': 'True', 'empty': 'None', 'log_cache_events': 'False', 'introspect': 'True', 'cache_selected_only': 'False', 'log_format': 'default', 'debug': 'False', 'fail_fast': 'False', 'profiles_dir': 'C:\\Users\\Lenovo\\.dbt', 'send_anonymous_usage_stats': 'True', 'quiet': 'False', 'warn_error': 'None', 'partial_parse': 'True', 'invocation_command': 'dbt init zomato', 'hints_enabled': 'True', 'indirect_selection': 'eager', 'use_experimental_parser': 'False', 'use_colors': 'True', 'log_path': 'logs'}
[0m22:28:05.351303 [info ] [MainThread]: Creating dbt configuration folder at C:\Users\Lenovo\.dbt
[0m22:28:05.354303 [debug] [MainThread]: Starter project path: C:\Users\Lenovo\AppData\Roaming\Python\Python312\site-packages\dbt\include\starter_project
[0m22:28:05.394862 [info ] [MainThread]: Setting up your profile.
[0m22:28:36.337546 [debug] [MainThread]: Snowflake adapter: Setting snowflake.connector to ERROR (file logging only)
[0m22:28:36.337546 [debug] [MainThread]: Snowflake adapter: Setting botocore to ERROR (file logging only)
[0m22:28:36.338549 [debug] [MainThread]: Snowflake adapter: Setting boto3 to ERROR (file logging only)
[0m22:37:10.350445 [info ] [MainThread]: Profile zomato written to C:\Users\Lenovo\.dbt\profiles.yml using target's profile_template.yml and your supplied values.
[0m22:37:10.355322 [info ] [MainThread]: Running dbt debug to validate the project...
[0m22:37:10.356842 [info ] [MainThread]: dbt version: 1.12.3
[0m22:37:10.356842 [info ] [MainThread]: python version: 3.12.5
[0m22:37:10.357850 [info ] [MainThread]: python path: C:\Program Files\Python312\python.exe
[0m22:37:10.357850 [info ] [MainThread]: os info: Windows-11-10.0.26200-SP0
[0m22:37:10.415662 [info ] [MainThread]: Using profiles dir at C:\Users\Lenovo\.dbt
[0m22:37:10.415662 [info ] [MainThread]: Using profiles.yml file at C:\Users\Lenovo\.dbt\profiles.yml
[0m22:37:10.416677 [info ] [MainThread]: Using dbt_project.yml file at C:\Users\Lenovo\Documents\GitHub\Food-Delivery-Data-Project\zomato\dbt_project.yml
[0m22:37:10.417682 [info ] [MainThread]: adapter type: snowflake
[0m22:37:10.417682 [info ] [MainThread]: adapter version: 1.12.0
[0m22:37:10.508482 [info ] [MainThread]: Configuration:
[0m22:37:10.508482 [info ] [MainThread]:   profiles.yml file [[32mOK found and valid[0m]
[0m22:37:10.509443 [info ] [MainThread]:   dbt_project.yml file [[32mOK found and valid[0m]
[0m22:37:10.509443 [info ] [MainThread]: Required dependencies:
[0m22:37:10.510444 [debug] [MainThread]: Executing "git --help"
[0m22:37:10.544203 [debug] [MainThread]: STDOUT: "b"usage: git [-v | --version] [-h | --help] [-C <path>] [-c <name>=<value>]\n           [--exec-path[=<path>]] [--html-path] [--man-path] [--info-path]\n           [-p | --paginate | -P | --no-pager] [--no-replace-objects] [--bare]\n           [--git-dir=<path>] [--work-tree=<path>] [--namespace=<name>]\n           [--config-env=<name>=<envvar>] <command> [<args>]\n\nThese are common Git commands used in various situations:\n\nstart a working area (see also: git help tutorial)\n   clone     Clone a repository into a new directory\n   init      Create an empty Git repository or reinitialize an existing one\n\nwork on the current change (see also: git help everyday)\n   add       Add file contents to the index\n   mv        Move or rename a file, a directory, or a symlink\n   restore   Restore working tree files\n   rm        Remove files from the working tree and from the index\n\nexamine the history and state (see also: git help revisions)\n   bisect    Use binary search to find the commit that introduced a bug\n   diff      Show changes between commits, commit and working tree, etc\n   grep      Print lines matching a pattern\n   log       Show commit logs\n   show      Show various types of objects\n   status    Show the working tree status\n\ngrow, mark and tweak your common history\n   branch    List, create, or delete branches\n   commit    Record changes to the repository\n   merge     Join two or more development histories together\n   rebase    Reapply commits on top of another base tip\n   reset     Reset current HEAD to the specified state\n   switch    Switch branches\n   tag       Create, list, delete or verify a tag object signed with GPG\n\ncollaborate (see also: git help workflows)\n   fetch     Download objects and refs from another repository\n   pull      Fetch from and integrate with another repository or a local branch\n   push      Update remote refs along with associated objects\n\n'git help -a' and 'git help -g' list available subcommands and some\nconcept guides. See 'git help <command>' or 'git help <concept>'\nto read about a specific subcommand or concept.\nSee 'git help git' for an overview of the system.\n""
[0m22:37:10.544203 [debug] [MainThread]: STDERR: "b''"
[0m22:37:10.545727 [info ] [MainThread]:  - git [[32mOK found[0m]

[0m22:37:10.545727 [info ] [MainThread]: Connection:
[0m22:37:10.545727 [info ] [MainThread]:   account: HZHSADU-OJ02660
[0m22:37:10.546740 [info ] [MainThread]:   user: HUGODATAPROJECT
[0m22:37:10.546740 [info ] [MainThread]:   database: ZOMATO_WH
[0m22:37:10.546740 [info ] [MainThread]:   warehouse: ZOMATO_WH
[0m22:37:10.546740 [info ] [MainThread]:   role: DBT_ROLE
[0m22:37:10.547741 [info ] [MainThread]:   schema: STAGING
[0m22:37:10.547741 [info ] [MainThread]:   authenticator: None
[0m22:37:10.547741 [info ] [MainThread]:   oauth_client_id: None
[0m22:37:10.547741 [info ] [MainThread]:   query_tag: None
[0m22:37:10.548740 [info ] [MainThread]:   client_session_keep_alive: False
[0m22:37:10.548740 [info ] [MainThread]:   host: None
[0m22:37:10.548740 [info ] [MainThread]:   port: None
[0m22:37:10.548740 [info ] [MainThread]:   proxy_host: None
[0m22:37:10.549740 [info ] [MainThread]:   proxy_port: None
[0m22:37:10.549740 [info ] [MainThread]:   protocol: None
[0m22:37:10.549740 [info ] [MainThread]:   connect_retries: 1
[0m22:37:10.549740 [info ] [MainThread]:   connect_timeout: None
[0m22:37:10.550740 [info ] [MainThread]:   retry_on_database_errors: False
[0m22:37:10.550740 [info ] [MainThread]:   retry_all: False
[0m22:37:10.550740 [info ] [MainThread]:   insecure_mode: False
[0m22:37:10.550740 [info ] [MainThread]:   reuse_connections: True
[0m22:37:10.551742 [info ] [MainThread]:   s3_stage_vpce_dns_name: None
[0m22:37:10.551742 [info ] [MainThread]:   workload_identity_provider: None
[0m22:37:10.551742 [info ] [MainThread]:   workload_identity_entra_resource: None
[0m22:37:10.551742 [info ] [MainThread]:   platform_detection_timeout_seconds: 0.0
[0m22:37:10.552742 [info ] [MainThread]: Registered adapter: snowflake=1.12.0
[0m22:37:10.857811 [debug] [MainThread]: Acquiring new snowflake connection 'debug'
[0m22:37:10.859802 [debug] [MainThread]: Using snowflake connection "debug"
[0m22:37:10.860808 [debug] [MainThread]: On debug: select 1 as id
[0m22:37:10.860808 [debug] [MainThread]: Opening a new connection, currently in state init
[0m22:37:12.307862 [debug] [MainThread]: Snowflake adapter: Error running SQL: select 1 as id
[0m22:37:12.308898 [debug] [MainThread]: Snowflake adapter: Rolling back transaction.
[0m22:37:12.308898 [info ] [MainThread]:   Connection test: [[31mERROR[0m]

[0m22:37:12.309899 [info ] [MainThread]: [31m1 check failed:[0m
[0m22:37:12.310800 [info ] [MainThread]: dbt was unable to connect to the specified database.
The database returned the following error:

  >Database Error
  390100 (28000): Failed to connect to DB: HZHSADU-OJ02660.snowflakecomputing.com:443. Incorrect username or password was specified. [fa8dc185-acca-4164-8cc5-89fd650a71a7]

Check your database credentials and try again. For more information, visit:
https://docs.getdbt.com/docs/configure-your-profile


[0m22:37:12.311797 [info ] [MainThread]: Your new dbt project "zomato" was created!
Initialized new project in C:\Users\Lenovo\Documents\GitHub\Food-Delivery-Data-Project\zomato\zomato

For more information on how to configure the profiles.yml file,
please consult the dbt documentation here:

  https://docs.getdbt.com/docs/configure-your-profile

One more thing:

Need help? Don't hesitate to reach out to us via GitHub issues or on Slack:

  https://community.getdbt.com/

Happy modeling!

[0m22:37:12.311797 [info ] [MainThread]: [31mYour profile may need adjustments. You can find the logs of `dbt debug` above[0m
[0m22:37:12.313895 [debug] [MainThread]: Command `dbt init` succeeded at 22:37:12.312812 after 547.21 seconds
[0m22:37:12.313895 [debug] [MainThread]: Connection 'debug' was left open.
[0m22:37:12.313895 [debug] [MainThread]: On debug: No close available on handle
[0m22:37:12.315498 [debug] [MainThread]: Sending event: {'category': 'dbt', 'action': 'invocation', 'label': 'end', 'context': [<snowplow_tracker.self_describing_json.SelfDescribingJson object at 0x000001D908B63C50>, <snowplow_tracker.self_describing_json.SelfDescribingJson object at 0x000001D908BAEDE0>, <snowplow_tracker.self_describing_json.SelfDescribingJson object at 0x000001D908BACAA0>]}
[0m22:37:12.316513 [debug] [MainThread]: Flushing usage events
[0m22:37:13.591262 [debug] [MainThread]: An error was encountered while trying to flush usage events
[0m11:15:47.033720 [debug] [MainThread]: Sending event: {'category': 'dbt', 'action': 'invocation', 'label': 'start', 'context': [<snowplow_tracker.self_describing_json.SelfDescribingJson object at 0x000002A456CC4B60>, <snowplow_tracker.self_describing_json.SelfDescribingJson object at 0x000002A459A9D190>, <snowplow_tracker.self_describing_json.SelfDescribingJson object at 0x000002A459A9D0D0>]}


============================== 11:15:47.039079 | 9cc97632-c565-4f76-866a-9e681ac1ea09 ==============================
[0m11:15:47.039079 [info ] [MainThread]: Running with dbt=1.12.3
[0m11:15:47.039079 [debug] [MainThread]: running dbt with arguments {'static_parser': 'True', 'no_print': 'None', 'maximum_seed_size_mib': '1', 'warn_error_options': 'WarnErrorOptionsV2(error=[], warn=[], silence=[])', 'target_path': 'None', 'version_check': 'True', 'printer_width': '80', 'write_json': 'True', 'empty': 'False', 'log_cache_events': 'False', 'introspect': 'True', 'cache_selected_only': 'False', 'fail_fast': 'False', 'debug': 'False', 'log_format': 'default', 'profiles_dir': 'C:\\Users\\Lenovo\\.dbt', 'send_anonymous_usage_stats': 'True', 'quiet': 'False', 'warn_error': 'None', 'partial_parse': 'True', 'use_colors': 'True', 'hints_enabled': 'True', 'invocation_command': 'dbt run --select marts', 'use_experimental_parser': 'False', 'indirect_selection': 'eager', 'log_path': 'logs'}
[0m11:15:47.040049 [error] [MainThread]: [[31mERROR[0m]: Encountered an error:
Runtime Error
  No dbt_project.yml found at expected path C:\Users\Lenovo\Documents\GitHub\Food-Delivery-Data-Project\dbt_project.yml
  Verify that each entry within packages.yml (and their transitive dependencies) contains a file named dbt_project.yml
  
[0m11:15:47.041049 [debug] [MainThread]: Command `dbt run` failed at 11:15:47.041049 after 0.16 seconds
[0m11:15:47.041049 [debug] [MainThread]: Sending event: {'category': 'dbt', 'action': 'invocation', 'label': 'end', 'context': [<snowplow_tracker.self_describing_json.SelfDescribingJson object at 0x000002A4598A4BC0>, <snowplow_tracker.self_describing_json.SelfDescribingJson object at 0x000002A456CC4B60>, <snowplow_tracker.self_describing_json.SelfDescribingJson object at 0x000002A459614D40>]}
[0m11:15:47.041049 [debug] [MainThread]: Flushing usage events
[0m11:15:48.310812 [debug] [MainThread]: An error was encountered while trying to flush usage events
