{"timestamp":"2026-09-03T09:01:37.348181","level":"info","event":"DAG bundles loaded: dags-folder","logger":"airflow.dag_processing.bundles.manager.DagBundlesManager"}
{"timestamp":"2026-09-03T09:01:37.348997","level":"info","event":"Filling up the DagBag from /opt/airflow/dags/zomato_batch.py","logger":"airflow.models.dagbag.DagBag"}
{"timestamp":"2026-09-03T09:01:39.051082","level":"info","event":"Executing: ['USE WAREHOUSE ZOMATO_WH', \"COPY INTO ZOMATO.RAW.restaurants FROM @ZOMATO.RAW.ZOMATO_RAW_STAGE/restaurants/  ON_ERROR='CONTINUE'\", \"COPY INTO ZOMATO.RAW.users       FROM @ZOMATO.RAW.ZOMATO_RAW_STAGE/users/        ON_ERROR='CONTINUE'\", \"COPY INTO ZOMATO.RAW.food        FROM @ZOMATO.RAW.ZOMATO_RAW_STAGE/food/         ON_ERROR='CONTINUE'\", \"COPY INTO ZOMATO.RAW.menu        FROM @ZOMATO.RAW.ZOMATO_RAW_STAGE/menu/         ON_ERROR='CONTINUE'\", 'COPY INTO ZOMATO.RAW.orders      FROM @ZOMATO.RAW.ZOMATO_RAW_STAGE/orders/', 'COPY INTO ZOMATO.RAW.order_items FROM @ZOMATO.RAW.ZOMATO_RAW_STAGE/order_items/', 'COPY INTO ZOMATO.RAW.reviews     FROM @ZOMATO.RAW.ZOMATO_RAW_STAGE/reviews/']","logger":"airflow.task.operators.airflow.providers.common.sql.operators.sql.SQLExecuteQueryOperator"}
{"timestamp":"2026-09-03T09:01:39.053627","level":"warning","event":"empty cryptography key - values will not be stored encrypted.","logger":"airflow.models.crypto"}
{"timestamp":"2026-09-03T09:01:39.054017","level":"info","event":"Connection Retrieved 'snowflake_default'","logger":"airflow.hooks.base"}
{"timestamp":"2026-09-03T09:01:40.962048","level":"info","event":"Connection Retrieved 'snowflake_default'","logger":"airflow.hooks.base"}
{"timestamp":"2026-09-03T09:01:40.962563","level":"info","event":"Snowflake Connector for Python Version: 3.16.0, Python Version: 3.12.11, Platform: Linux-6.6.87.2-microsoft-standard-WSL2-x86_64-with-glibc2.36","logger":"snowflake.connector.connection"}
{"timestamp":"2026-09-03T09:01:40.962894","level":"info","event":"Connecting to GLOBAL Snowflake domain","logger":"snowflake.connector.connection"}
{"timestamp":"2026-09-03T09:01:43.395782","level":"info","event":"Running statement: USE WAREHOUSE ZOMATO_WH, parameters: None","logger":"airflow.task.hooks.airflow.providers.snowflake.hooks.snowflake.SnowflakeHook"}
{"timestamp":"2026-09-03T09:01:43.396075","level":"info","event":"Running statement: USE WAREHOUSE ZOMATO_WH, parameters: None","logger":"airflow.task.hooks.airflow.providers.snowflake.hooks.snowflake.SnowflakeHook"}
{"timestamp":"2026-09-03T09:01:43.813545","level":"info","event":"Rows affected: 1","logger":"airflow.task.hooks.airflow.providers.snowflake.hooks.snowflake.SnowflakeHook"}
{"timestamp":"2026-09-03T09:01:43.814050","level":"info","event":"Rows affected: 1","logger":"airflow.task.hooks.airflow.providers.snowflake.hooks.snowflake.SnowflakeHook"}
{"timestamp":"2026-09-03T09:01:43.814153","level":"info","event":"Snowflake query id: 01c6d1fd-0002-8f4b-000e-b8fe00031026","logger":"airflow.task.hooks.airflow.providers.snowflake.hooks.snowflake.SnowflakeHook"}
{"timestamp":"2026-09-03T09:01:43.814240","level":"info","event":"Running statement: COPY INTO ZOMATO.RAW.restaurants FROM @ZOMATO.RAW.ZOMATO_RAW_STAGE/restaurants/  ON_ERROR='CONTINUE', parameters: None","logger":"airflow.task.hooks.airflow.providers.snowflake.hooks.snowflake.SnowflakeHook"}
{"timestamp":"2026-09-03T09:01:43.814293","level":"info","event":"Running statement: COPY INTO ZOMATO.RAW.restaurants FROM @ZOMATO.RAW.ZOMATO_RAW_STAGE/restaurants/  ON_ERROR='CONTINUE', parameters: None","logger":"airflow.task.hooks.airflow.providers.snowflake.hooks.snowflake.SnowflakeHook"}
{"timestamp":"2026-09-03T09:01:46.641127","level":"info","event":"Rows affected: 1","logger":"airflow.task.hooks.airflow.providers.snowflake.hooks.snowflake.SnowflakeHook"}
{"timestamp":"2026-09-03T09:01:46.641522","level":"info","event":"Rows affected: 1","logger":"airflow.task.hooks.airflow.providers.snowflake.hooks.snowflake.SnowflakeHook"}
{"timestamp":"2026-09-03T09:01:46.641634","level":"info","event":"Snowflake query id: 01c6d1fd-0002-8f7e-000e-b8fe0002f0e6","logger":"airflow.task.hooks.airflow.providers.snowflake.hooks.snowflake.SnowflakeHook"}
{"timestamp":"2026-09-03T09:01:46.641709","level":"info","event":"Running statement: COPY INTO ZOMATO.RAW.users       FROM @ZOMATO.RAW.ZOMATO_RAW_STAGE/users/        ON_ERROR='CONTINUE', parameters: None","logger":"airflow.task.hooks.airflow.providers.snowflake.hooks.snowflake.SnowflakeHook"}
{"timestamp":"2026-09-03T09:01:46.641773","level":"info","event":"Running statement: COPY INTO ZOMATO.RAW.users       FROM @ZOMATO.RAW.ZOMATO_RAW_STAGE/users/        ON_ERROR='CONTINUE', parameters: None","logger":"airflow.task.hooks.airflow.providers.snowflake.hooks.snowflake.SnowflakeHook"}
{"timestamp":"2026-09-03T09:01:48.125090","level":"info","event":"Rows affected: 1","logger":"airflow.task.hooks.airflow.providers.snowflake.hooks.snowflake.SnowflakeHook"}
{"timestamp":"2026-09-03T09:01:48.125457","level":"info","event":"Rows affected: 1","logger":"airflow.task.hooks.airflow.providers.snowflake.hooks.snowflake.SnowflakeHook"}
{"timestamp":"2026-09-03T09:01:48.125564","level":"info","event":"Snowflake query id: 01c6d1fd-0002-8f7e-000e-b8fe0002f0ea","logger":"airflow.task.hooks.airflow.providers.snowflake.hooks.snowflake.SnowflakeHook"}
{"timestamp":"2026-09-03T09:01:48.125634","level":"info","event":"Running statement: COPY INTO ZOMATO.RAW.food        FROM @ZOMATO.RAW.ZOMATO_RAW_STAGE/food/         ON_ERROR='CONTINUE', parameters: None","logger":"airflow.task.hooks.airflow.providers.snowflake.hooks.snowflake.SnowflakeHook"}
{"timestamp":"2026-09-03T09:01:48.125692","level":"info","event":"Running statement: COPY INTO ZOMATO.RAW.food        FROM @ZOMATO.RAW.ZOMATO_RAW_STAGE/food/         ON_ERROR='CONTINUE', parameters: None","logger":"airflow.task.hooks.airflow.providers.snowflake.hooks.snowflake.SnowflakeHook"}
{"timestamp":"2026-09-03T09:01:49.011861","level":"info","event":"Rows affected: 1","logger":"airflow.task.hooks.airflow.providers.snowflake.hooks.snowflake.SnowflakeHook"}
{"timestamp":"2026-09-03T09:01:49.012228","level":"info","event":"Rows affected: 1","logger":"airflow.task.hooks.airflow.providers.snowflake.hooks.snowflake.SnowflakeHook"}
{"timestamp":"2026-09-03T09:01:49.012320","level":"info","event":"Snowflake query id: 01c6d1fd-0002-8f7e-000e-b8fe0002f0ee","logger":"airflow.task.hooks.airflow.providers.snowflake.hooks.snowflake.SnowflakeHook"}
{"timestamp":"2026-09-03T09:01:49.012384","level":"info","event":"Running statement: COPY INTO ZOMATO.RAW.menu        FROM @ZOMATO.RAW.ZOMATO_RAW_STAGE/menu/         ON_ERROR='CONTINUE', parameters: None","logger":"airflow.task.hooks.airflow.providers.snowflake.hooks.snowflake.SnowflakeHook"}
{"timestamp":"2026-09-03T09:01:49.012437","level":"info","event":"Running statement: COPY INTO ZOMATO.RAW.menu        FROM @ZOMATO.RAW.ZOMATO_RAW_STAGE/menu/         ON_ERROR='CONTINUE', parameters: None","logger":"airflow.task.hooks.airflow.providers.snowflake.hooks.snowflake.SnowflakeHook"}
{"timestamp":"2026-09-03T09:01:49.786775","level":"info","event":"Rows affected: 1","logger":"airflow.task.hooks.airflow.providers.snowflake.hooks.snowflake.SnowflakeHook"}
{"timestamp":"2026-09-03T09:01:49.787430","level":"info","event":"Rows affected: 1","logger":"airflow.task.hooks.airflow.providers.snowflake.hooks.snowflake.SnowflakeHook"}
{"timestamp":"2026-09-03T09:01:49.787633","level":"info","event":"Snowflake query id: 01c6d1fd-0002-8f94-000e-b8fe0003205e","logger":"airflow.task.hooks.airflow.providers.snowflake.hooks.snowflake.SnowflakeHook"}
{"timestamp":"2026-09-03T09:01:49.787819","level":"info","event":"Running statement: COPY INTO ZOMATO.RAW.orders      FROM @ZOMATO.RAW.ZOMATO_RAW_STAGE/orders/, parameters: None","logger":"airflow.task.hooks.airflow.providers.snowflake.hooks.snowflake.SnowflakeHook"}
{"timestamp":"2026-09-03T09:01:49.787959","level":"info","event":"Running statement: COPY INTO ZOMATO.RAW.orders      FROM @ZOMATO.RAW.ZOMATO_RAW_STAGE/orders/, parameters: None","logger":"airflow.task.hooks.airflow.providers.snowflake.hooks.snowflake.SnowflakeHook"}
{"timestamp":"2026-09-03T09:01:52.212937","level":"info","event":"Rows affected: 1","logger":"airflow.task.hooks.airflow.providers.snowflake.hooks.snowflake.SnowflakeHook"}
{"timestamp":"2026-09-03T09:01:52.213663","level":"info","event":"Rows affected: 1","logger":"airflow.task.hooks.airflow.providers.snowflake.hooks.snowflake.SnowflakeHook"}
{"timestamp":"2026-09-03T09:01:52.213859","level":"info","event":"Snowflake query id: 01c6d1fd-0002-8f71-000e-b8fe000300ca","logger":"airflow.task.hooks.airflow.providers.snowflake.hooks.snowflake.SnowflakeHook"}
{"timestamp":"2026-09-03T09:01:52.213968","level":"info","event":"Running statement: COPY INTO ZOMATO.RAW.order_items FROM @ZOMATO.RAW.ZOMATO_RAW_STAGE/order_items/, parameters: None","logger":"airflow.task.hooks.airflow.providers.snowflake.hooks.snowflake.SnowflakeHook"}
{"timestamp":"2026-09-03T09:01:52.214058","level":"info","event":"Running statement: COPY INTO ZOMATO.RAW.order_items FROM @ZOMATO.RAW.ZOMATO_RAW_STAGE/order_items/, parameters: None","logger":"airflow.task.hooks.airflow.providers.snowflake.hooks.snowflake.SnowflakeHook"}
{"timestamp":"2026-09-03T09:01:53.039807","level":"info","event":"Rows affected: 1","logger":"airflow.task.hooks.airflow.providers.snowflake.hooks.snowflake.SnowflakeHook"}
{"timestamp":"2026-09-03T09:01:53.040098","level":"info","event":"Rows affected: 1","logger":"airflow.task.hooks.airflow.providers.snowflake.hooks.snowflake.SnowflakeHook"}
{"timestamp":"2026-09-03T09:01:53.040299","level":"info","event":"Snowflake query id: 01c6d1fd-0002-8f7e-000e-b8fe0002f0f2","logger":"airflow.task.hooks.airflow.providers.snowflake.hooks.snowflake.SnowflakeHook"}
{"timestamp":"2026-09-03T09:01:53.040372","level":"info","event":"Running statement: COPY INTO ZOMATO.RAW.reviews     FROM @ZOMATO.RAW.ZOMATO_RAW_STAGE/reviews/, parameters: None","logger":"airflow.task.hooks.airflow.providers.snowflake.hooks.snowflake.SnowflakeHook"}
{"timestamp":"2026-09-03T09:01:53.040425","level":"info","event":"Running statement: COPY INTO ZOMATO.RAW.reviews     FROM @ZOMATO.RAW.ZOMATO_RAW_STAGE/reviews/, parameters: None","logger":"airflow.task.hooks.airflow.providers.snowflake.hooks.snowflake.SnowflakeHook"}
{"timestamp":"2026-09-03T09:01:53.699058","level":"info","event":"Rows affected: 1","logger":"airflow.task.hooks.airflow.providers.snowflake.hooks.snowflake.SnowflakeHook"}
{"timestamp":"2026-09-03T09:01:53.699443","level":"info","event":"Rows affected: 1","logger":"airflow.task.hooks.airflow.providers.snowflake.hooks.snowflake.SnowflakeHook"}
{"timestamp":"2026-09-03T09:01:53.699555","level":"info","event":"Snowflake query id: 01c6d1fd-0002-8f94-000e-b8fe00032066","logger":"airflow.task.hooks.airflow.providers.snowflake.hooks.snowflake.SnowflakeHook"}
{"timestamp":"2026-09-03T09:01:53.965328","level":"info","event":"result: [[('Statement executed successfully.',)], [('Copy executed with 0 files processed.',)], [('Copy executed with 0 files processed.',)], [('Copy executed with 0 files processed.',)], [('Copy executed with 0 files processed.',)], [('Copy executed with 0 files processed.',)], [('Copy executed with 0 files processed.',)], [('Copy executed with 0 files processed.',)]]","logger":"airflow.task.operators.airflow.providers.common.sql.operators.sql.SQLExecuteQueryOperator"}
{"timestamp":"2026-09-03T09:01:53.965655","level":"info","event":"Pushing xcom","ti":"RuntimeTaskInstance(id=UUID('01a06680-8d79-7b1e-83dd-950dbe040e14'), task_id='reload_raw', dag_id='zomato_batch', run_id='manual__2026-09-03T09:01:35.977113+00:00', try_number=1, map_index=-1, hostname='c71352872bd4', context_carrier=None, task=<Task(SQLExecuteQueryOperator): reload_raw>, bundle_instance=LocalDagBundle(name=dags-folder), max_tries=0, start_date=datetime.datetime(2026, 9, 3, 9, 1, 36, 822974, tzinfo=datetime.timezone.utc), end_date=None, state=<TaskInstanceState.RUNNING: 'running'>, is_mapped=False, rendered_map_index=None, log_url='http://localhost:8080/dags/zomato_batch/runs/manual__2026-09-03T09%3A01%3A35.977113%2B00%3A00/tasks/reload_raw?try_number=1')","logger":"task"}
